[
	{
		"file": "tests/fixtures/file.css",
		"hash": "5fcf8400077ea9f88d2039c81eabe63d"
	},
	{
		"file": "tests/fixtures/file.js",
		"hash": "8515d9ad279c8115b48fc796a9b1a3a3"
	}
]